// TODO: This file was created by bulk-decaffeinate.
// Sanity-check the conversion and remove this comment.
import three from './three';
console.log(three);
