// TODO: This file was created by bulk-decaffeinate.
// Fix any style issues and re-enable lint.
export default {
  thirtyOne: 31
};
