// TODO: This file was created by bulk-decaffeinate.
// Sanity-check the conversion and remove this comment.
import TwoValueDefaultExport from './TwoValueDefaultExport';

const {
  twelve,
  seventeen: tenAndSeven,
} = TwoValueDefaultExport;

import NameClash1 from './NameClash';

const {
  twenty,
} = NameClash1;

import { twentySix } from './NamedExport';
import DashedName from './dashed-name';

const {
  thirtyOne,
} = DashedName;

console.log(twelve);
console.log(tenAndSeven);
let NameClash = 25;
console.log(twenty);
console.log(twentySix);
console.log(NameClash);
console.log(thirtyOne);
