// TODO: This file was created by bulk-decaffeinate.
// Sanity-check the conversion and remove this comment.
import * as ImportTarget from 'absolute-import-target/ImportTarget';
console.log(ImportTarget.num);
