// TODO: This file was created by bulk-decaffeinate.
// Sanity-check the conversion and remove this comment.
// This actually references something in node_modules.
import NonRelativePath from 'NonRelativePath';

console.log(NonRelativePath.foo);

export let foo = 3;
