// TODO: This file was created by bulk-decaffeinate.
// Sanity-check the conversion and remove this comment.
import * as NamedExport from './NamedExport';
console.log(NamedExport.value);
