import ObjectExport from './ObjectExport';

console.log(ObjectExport.firstValue);
console.log(ObjectExport.secondValue);
