// TODO: This file was created by bulk-decaffeinate.
// Fix any style issues and re-enable lint.
import * as NamedExports from './NamedExports';
console.log(NamedExports);
