// TODO: This file was created by bulk-decaffeinate.
// Fix any style issues and re-enable lint.
export let firstExport = 1;
export let secondExport = 2;
